// Jest Snapshot v1, https://goo.gl/fbAQLP

exports[`<InputContainer/ > renders InpunContainer 1`] = `ShallowWrapper {}`;
