// Jest Snapshot v1, https://goo.gl/fbAQLP

exports[`<TodoContainer/ > renders InpunContainer 1`] = `ShallowWrapper {}`;
