// Jest Snapshot v1, https://goo.gl/fbAQLP

exports[`<TodoItem /> renders TodoItem 1`] = `ShallowWrapper {}`;
