// Jest Snapshot v1, https://goo.gl/fbAQLP

exports[`<BlockAcheivedContainer /> renders BlockAcheivedContainer 1`] = `ShallowWrapper {}`;
