// Jest Snapshot v1, https://goo.gl/fbAQLP

exports[`<DoneContainer /> renders DoneContainer 1`] = `ShallowWrapper {}`;
