// Jest Snapshot v1, https://goo.gl/fbAQLP

exports[`<Pomoblock /> renders Pomoblock 1`] = `ShallowWrapper {}`;
